---
source: aquafix/tests/sections.rs
expression: render(app)
---
<section class="w-full px-[var(--page-px)] light bg-primary text-on-primary py-[var(--band-py-tight)] flex flex-col gap-4 md:flex-row md:items-center md:gap-5" data-slot="section"><p class="flex-1 font-display text-[20px] md:text-[24px] font-bold text-on-primary">Ready for a number? Get your flat price in ninety seconds.</p><a class="inline-flex items-center justify-center gap-2 whitespace-nowrap rounded-[var(--control-radius)] transition-all cursor-pointer disabled:pointer-events-none disabled:opacity-50 [&#38;_svg]:pointer-events-none [&#38;_svg:not([class*=&#39;size-&#39;])]:size-4 [&#38;_svg]:shrink-0 outline-none focus-visible:border-ring focus-visible:ring-[3px] aria-invalid:ring-accent-error/20 aria-invalid:border-accent-error hover:bg-primary/90 px-[var(--control-px)] py-[var(--control-py)] text-[length:var(--control-text)] dark shrink-0 bg-background text-ink [font-weight:600]" data-slot="button" href="/#quote">Get my flat price  →</a></section>
