---
source: aquafix/tests/sections.rs
expression: render(app)
---
<div class="flex items-center justify-center gap-3 bg-inverse-deep py-2.5 md:py-[11px] text-[13px] md:text-[14px] px-[max(1.25rem,calc((100%_-_640px)/2))] md:px-[max(2.5rem,calc((100%_-_1200px)/2))]"><span class="size-[9px] shrink-0 rounded-full bg-danger"></span><p class="truncate text-on-inverse-muted">Burst pipe, no hot water, or a leak you can hear? We answer the phone 24/7 —</p><a href="tel:+15035550148" class="shrink-0 font-semibold text-action">(503) 555-0148</a></div>
